// Jest Snapshot v1, https://goo.gl/fbAQLP

exports[`shows authentication error when fetching Me 1`] = `
Object {
  "data": Object {
    "me": null,
  },
  "errors": Array [
    [GraphQLError: You must be authenticated to perform this action],
  ],
  "extensions": undefined,
  "http": Object {
    "headers": Headers {
      Symbol(map): Object {},
    },
  },
}
`;
